node.exe : [2m[WebServer] [22m [33m[1mÔÜá[22m[39m The "mi
ddleware" file convention is deprecated. Please use "proxy" ins
tead. Learn more: https://nextjs.org/docs/messages/middleware-t
o-proxy
At line:1 char:1
+ & "C:\Program Files\nodejs/node.exe" "C:\Program Files\nodejs
/node_mo ...
+ ~~~~~~~~~~~~~~~~~~~~~~~~~~~~~~~~~~~~~~~~~~~~~~~~~~~~~~~~~~~~~
~~~~~~~~
    + CategoryInfo          : NotSpecified: ([2m[WebServer].. 
   .leware-to-proxy:String) [], RemoteException
    + FullyQualifiedErrorId : NativeCommandError
 

Running 1 test using 1 worker

  Ô£ÿ  1 [chromium] ÔÇ║ frontend-tests\bug_guest_favorites.spec.ts:60:9 ÔÇ║ Bug: Guest Favorites ÔÇ║ Guest should see disabled favorite button on Prompt Detail (6.7s)


  1) [chromium] ÔÇ║ frontend-tests\bug_guest_favorites.spec.ts:60:9 ÔÇ║ Bug: Guest Favorites ÔÇ║ Guest should see disabled favorite button on Prompt Detail 

    Error: [2mexpect([22m[31mpage[39m[2m).[22mtoHaveURL[2m([22m[32mexpected[39m[2m)[22m failed

    Expected: [32m"http://localhost:3001/"[39m
    Received: [31m"http://localhost:3001/[7mlogin[27m"[39m
    Timeout:  5000ms

    Call log:
    [2m  - Expect "toHaveURL" with timeout 5000ms[22m
    [2m    9 ├ù unexpected value "http://localhost:3001/login"[22m


      64 |         await page.fill('input[name="password"]', password);
      65 |         await page.click('button[type="submit"]');
    > 66 |         await expect(page).toHaveURL('/');
         |                            ^
      67 |
      68 |         // Verify Prompt appears in list (it's public effectively? or owner?)
      69 |         // Wait... user role in setup was ADMIN for creator. So it should be visible if we just go to URL.
        at C:\projects\antigravity_prj\prompthive\frontend-tests\bug_guest_favorites.spec.ts:66:28

    attachment #1: screenshot (image/png) ÔöÇÔöÇÔöÇÔöÇÔöÇÔöÇÔöÇÔöÇÔöÇÔöÇÔöÇÔöÇÔöÇÔöÇÔöÇÔöÇÔöÇÔöÇÔöÇÔöÇÔöÇÔöÇÔöÇÔöÇÔöÇÔöÇÔöÇÔöÇÔöÇÔöÇÔöÇÔöÇÔöÇÔöÇÔöÇÔöÇÔöÇÔöÇÔöÇÔöÇÔöÇÔöÇÔöÇÔöÇÔöÇÔöÇÔöÇÔöÇÔöÇÔöÇÔöÇÔöÇÔöÇÔöÇÔöÇÔöÇÔöÇÔöÇ
    test-results\bug_guest_favorites-Bug-Gu-dfe92-ite-button-on-Prompt-Detail-chromium\test-failed-1.png
    ÔöÇÔöÇÔöÇÔöÇÔöÇÔöÇÔöÇÔöÇÔöÇÔöÇÔöÇÔöÇÔöÇÔöÇÔöÇÔöÇÔöÇÔöÇÔöÇÔöÇÔöÇÔöÇÔöÇÔöÇÔöÇÔöÇÔöÇÔöÇÔöÇÔöÇÔöÇÔöÇÔöÇÔöÇÔöÇÔöÇÔöÇÔöÇÔöÇÔöÇÔöÇÔöÇÔöÇÔöÇÔöÇÔöÇÔöÇÔöÇÔöÇÔöÇÔöÇÔöÇÔöÇÔöÇÔöÇÔöÇÔöÇÔöÇÔöÇÔöÇÔöÇÔöÇÔöÇÔöÇÔöÇÔöÇÔöÇÔöÇÔöÇÔöÇÔöÇÔöÇÔöÇÔöÇÔöÇÔöÇÔöÇÔöÇÔöÇÔöÇÔöÇÔöÇÔöÇÔöÇÔöÇÔöÇÔöÇÔöÇÔöÇÔöÇÔöÇÔöÇÔöÇÔöÇÔöÇÔöÇ

    attachment #2: video (video/webm) ÔöÇÔöÇÔöÇÔöÇÔöÇÔöÇÔöÇÔöÇÔöÇÔöÇÔöÇÔöÇÔöÇÔöÇÔöÇÔöÇÔöÇÔöÇÔöÇÔöÇÔöÇÔöÇÔöÇÔöÇÔöÇÔöÇÔöÇÔöÇÔöÇÔöÇÔöÇÔöÇÔöÇÔöÇÔöÇÔöÇÔöÇÔöÇÔöÇÔöÇÔöÇÔöÇÔöÇÔöÇÔöÇÔöÇÔöÇÔöÇÔöÇÔöÇÔöÇÔöÇÔöÇÔöÇÔöÇÔöÇÔöÇÔöÇÔöÇÔöÇÔöÇÔöÇ
    test-results\bug_guest_favorites-Bug-Gu-dfe92-ite-button-on-Prompt-Detail-chromium\video.webm
    ÔöÇÔöÇÔöÇÔöÇÔöÇÔöÇÔöÇÔöÇÔöÇÔöÇÔöÇÔöÇÔöÇÔöÇÔöÇÔöÇÔöÇÔöÇÔöÇÔöÇÔöÇÔöÇÔöÇÔöÇÔöÇÔöÇÔöÇÔöÇÔöÇÔöÇÔöÇÔöÇÔöÇÔöÇÔöÇÔöÇÔöÇÔöÇÔöÇÔöÇÔöÇÔöÇÔöÇÔöÇÔöÇÔöÇÔöÇÔöÇÔöÇÔöÇÔöÇÔöÇÔöÇÔöÇÔöÇÔöÇÔöÇÔöÇÔöÇÔöÇÔöÇÔöÇÔöÇÔöÇÔöÇÔöÇÔöÇÔöÇÔöÇÔöÇÔöÇÔöÇÔöÇÔöÇÔöÇÔöÇÔöÇÔöÇÔöÇÔöÇÔöÇÔöÇÔöÇÔöÇÔöÇÔöÇÔöÇÔöÇÔöÇÔöÇÔöÇÔöÇÔöÇÔöÇÔöÇÔöÇ

    Error Context: test-results\bug_guest_favorites-Bug-Gu-dfe92-ite-button-on-Prompt-Detail-chromium\error-context.md

  1 failed
    [chromium] ÔÇ║ frontend-tests\bug_guest_favorites.spec.ts:60:9 ÔÇ║ Bug: Guest Favorites ÔÇ║ Guest should see disabled favorite button on Prompt Detail 

[36m  Serving HTML report at http://localhost:56726. Press Ctrl+C to quit.[39m
^C
